// Jest Snapshot v1, https://goo.gl/fbAQLP

exports[`Dropzone Component Test Dropzone match snapshot 1`] = `ShallowWrapper {}`;
